[INFO] Scanning for projects...
[INFO] 
[INFO] -------------------------< com.mhh:mhh-batch >--------------------------
[INFO] Building mhh-batch 0.0.1-SNAPSHOT
[INFO]   from pom.xml
[INFO] --------------------------------[ jar ]---------------------------------
[INFO] 
[INFO] --- resources:3.3.1:resources (default-resources) @ mhh-batch ---
[INFO] Copying 1 resource from src\main\resources to target\classes
[INFO] Copying 0 resource from src\main\resources to target\classes
[INFO] 
[INFO] --- compiler:3.13.0:compile (default-compile) @ mhh-batch ---
[INFO] Recompiling the module because of changed source code.
[INFO] Compiling 9 source files with javac [debug parameters release 21] to target\classes
[INFO] Annotation processing is enabled because one or more processors were found
  on the class path. A future release of javac may disable annotation processing
  unless at least one processor is specified by name (-processor), or a search
  path is specified (--processor-path, --processor-module-path), or annotation
  processing is enabled explicitly (-proc:only, -proc:full).
  Use -Xlint:-options to suppress this message.
  Use -proc:none to disable annotation processing.
[INFO] -------------------------------------------------------------
[ERROR] COMPILATION ERROR : 
[INFO] -------------------------------------------------------------
[ERROR] /D:/GitHub/MHH/mhh-batch/src/main/java/com/mhh/batch/service/JobSyncScheduler.java:[4,29] package com.mhh.common.entity does not exist
[ERROR] /D:/GitHub/MHH/mhh-batch/src/main/java/com/mhh/batch/repository/JobConfRepository.java:[3,29] package com.mhh.common.entity does not exist
[ERROR] /D:/GitHub/MHH/mhh-batch/src/main/java/com/mhh/batch/repository/JobConfRepository.java:[10,58] cannot find symbol
  symbol: class JobConf
[ERROR] /D:/GitHub/MHH/mhh-batch/src/main/java/com/mhh/batch/service/DynamicJobService.java:[4,29] package com.mhh.common.entity does not exist
[ERROR] /D:/GitHub/MHH/mhh-batch/src/main/java/com/mhh/batch/service/DynamicJobService.java:[32,27] cannot find symbol
  symbol:   class JobConf
  location: class com.mhh.batch.service.DynamicJobService
[ERROR] /D:/GitHub/MHH/mhh-batch/src/main/java/com/mhh/batch/repository/JobConfRepository.java:[11,10] cannot find symbol
  symbol:   class JobConf
  location: interface com.mhh.batch.repository.JobConfRepository
[INFO] 6 errors 
[INFO] -------------------------------------------------------------
[INFO] ------------------------------------------------------------------------
[INFO] BUILD FAILURE
[INFO] ------------------------------------------------------------------------
[INFO] Total time:  1.948 s
[INFO] Finished at: 2026-03-30T21:53:35+08:00
[INFO] ------------------------------------------------------------------------
[ERROR] Failed to execute goal org.apache.maven.plugins:maven-compiler-plugin:3.13.0:compile (default-compile) on project mhh-batch: Compilation failure: Compilation failure: 
[ERROR] /D:/GitHub/MHH/mhh-batch/src/main/java/com/mhh/batch/service/JobSyncScheduler.java:[4,29] package com.mhh.common.entity does not exist
[ERROR] /D:/GitHub/MHH/mhh-batch/src/main/java/com/mhh/batch/repository/JobConfRepository.java:[3,29] package com.mhh.common.entity does not exist
[ERROR] /D:/GitHub/MHH/mhh-batch/src/main/java/com/mhh/batch/repository/JobConfRepository.java:[10,58] cannot find symbol
[ERROR]   symbol: class JobConf
[ERROR] /D:/GitHub/MHH/mhh-batch/src/main/java/com/mhh/batch/service/DynamicJobService.java:[4,29] package com.mhh.common.entity does not exist
[ERROR] /D:/GitHub/MHH/mhh-batch/src/main/java/com/mhh/batch/service/DynamicJobService.java:[32,27] cannot find symbol
[ERROR]   symbol:   class JobConf
[ERROR]   location: class com.mhh.batch.service.DynamicJobService
[ERROR] /D:/GitHub/MHH/mhh-batch/src/main/java/com/mhh/batch/repository/JobConfRepository.java:[11,10] cannot find symbol
[ERROR]   symbol:   class JobConf
[ERROR]   location: interface com.mhh.batch.repository.JobConfRepository
[ERROR] -> [Help 1]
[ERROR] 
[ERROR] To see the full stack trace of the errors, re-run Maven with the -e switch.
[ERROR] Re-run Maven using the -X switch to enable full debug logging.
[ERROR] 
[ERROR] For more information about the errors and possible solutions, please read the following articles:
[ERROR] [Help 1] http://cwiki.apache.org/confluence/display/MAVEN/MojoFailureException
